// Jest Snapshot v1, https://goo.gl/fbAQLP

exports[`renders <Header /> without crashing 1`] = `
<div>
  <h1>
    Hello World!
  </h1>
</div>
`;
